#! /mingw64/bin/vvp
:ivl_version "12.0 (stable)";
:ivl_delay_selection "TYPICAL";
:vpi_time_precision + 0;
:vpi_module "C:\msys64\mingw64\lib\ivl\system.vpi";
:vpi_module "C:\msys64\mingw64\lib\ivl\vhdl_sys.vpi";
:vpi_module "C:\msys64\mingw64\lib\ivl\vhdl_textio.vpi";
:vpi_module "C:\msys64\mingw64\lib\ivl\v2005_math.vpi";
:vpi_module "C:\msys64\mingw64\lib\ivl\va_math.vpi";
S_000002492630aa70 .scope module, "stimulus" "stimulus" 2 2;
 .timescale 0 0;
P_0000024926307270 .param/l "BUS_WIDTH" 0 2 3, +C4<00000000000000000000000000001000>;
v0000024926362110_0 .var "a", 7 0;
v0000024926361a30_0 .var "b", 7 0;
v0000024926362610_0 .net "borrow", 0 0, v00000249262f21a0_0;  1 drivers
v0000024926361cb0_0 .var "carry_in", 0 0;
v0000024926361df0_0 .net "carry_out", 0 0, v00000249263617b0_0;  1 drivers
v0000024926361850_0 .net "invalid_op", 0 0, v0000024926361710_0;  1 drivers
v0000024926362570_0 .var "opcode", 3 0;
v0000024926361fd0_0 .net "parity", 0 0, L_0000024926361ad0;  1 drivers
v0000024926362250_0 .net "y", 7 0, v0000024926361b70_0;  1 drivers
v00000249263622f0_0 .net "zero", 0 0, L_0000024926361c10;  1 drivers
S_00000249262fcd60 .scope module, "uut" "ALU" 2 15, 3 1 0, S_000002492630aa70;
 .timescale 0 0;
    .port_info 0 /INPUT 8 "a";
    .port_info 1 /INPUT 8 "b";
    .port_info 2 /INPUT 1 "carry_in";
    .port_info 3 /INPUT 4 "opcode";
    .port_info 4 /OUTPUT 8 "y";
    .port_info 5 /OUTPUT 1 "carry_out";
    .port_info 6 /OUTPUT 1 "borrow";
    .port_info 7 /OUTPUT 1 "zero";
    .port_info 8 /OUTPUT 1 "parity";
    .port_info 9 /OUTPUT 1 "invalid_op";
P_00000249262fcef0 .param/l "BUS_WIDTH" 0 3 2, +C4<00000000000000000000000000001000>;
P_00000249262fcf28 .param/l "OP_ADD" 1 3 16, +C4<00000000000000000000000000000001>;
P_00000249262fcf60 .param/l "OP_ADD_CARRY" 1 3 17, +C4<00000000000000000000000000000010>;
P_00000249262fcf98 .param/l "OP_AND" 1 3 21, +C4<00000000000000000000000000000110>;
P_00000249262fcfd0 .param/l "OP_DEC" 1 3 20, +C4<00000000000000000000000000000101>;
P_00000249262fd008 .param/l "OP_INC" 1 3 19, +C4<00000000000000000000000000000100>;
P_00000249262fd040 .param/l "OP_NOT" 1 3 22, +C4<00000000000000000000000000000111>;
P_00000249262fd078 .param/l "OP_SOL" 1 3 26, +C4<00000000000000000000000000001000>;
P_00000249262fd0b0 .param/l "OP_SOR" 1 3 27, +C4<00000000000000000000000000001001>;
P_00000249262fd0e8 .param/l "OP_SUB" 1 3 18, +C4<00000000000000000000000000000011>;
v00000249262f1f20_0 .net *"_ivl_2", 31 0, L_00000249263618f0;  1 drivers
L_0000024926362ee8 .functor BUFT 1, C4<000000000000000000000000>, C4<0>, C4<0>, C4<0>;
v000002492630ccd0_0 .net *"_ivl_5", 23 0, L_0000024926362ee8;  1 drivers
L_0000024926362f30 .functor BUFT 1, C4<00000000000000000000000000000000>, C4<0>, C4<0>, C4<0>;
v00000249262f1fc0_0 .net/2u *"_ivl_6", 31 0, L_0000024926362f30;  1 drivers
v00000249262f2060_0 .net "a", 7 0, v0000024926362110_0;  1 drivers
v00000249262f2100_0 .net "b", 7 0, v0000024926361a30_0;  1 drivers
v00000249262f21a0_0 .var "borrow", 0 0;
v00000249262f2240_0 .net "carry_in", 0 0, v0000024926361cb0_0;  1 drivers
v00000249263617b0_0 .var "carry_out", 0 0;
v0000024926361710_0 .var "invalid_op", 0 0;
v00000249263621b0_0 .net "opcode", 3 0, v0000024926362570_0;  1 drivers
v0000024926362070_0 .net "parity", 0 0, L_0000024926361ad0;  alias, 1 drivers
v0000024926361b70_0 .var "y", 7 0;
v0000024926361d50_0 .net "zero", 0 0, L_0000024926361c10;  alias, 1 drivers
E_0000024926306df0 .event anyedge, v00000249263621b0_0, v00000249262f2060_0, v00000249262f2100_0, v00000249262f2240_0;
L_0000024926361ad0 .reduce/xor v0000024926361b70_0;
L_00000249263618f0 .concat [ 8 24 0 0], v0000024926361b70_0, L_0000024926362ee8;
L_0000024926361c10 .cmp/eq 32, L_00000249263618f0, L_0000024926362f30;
    .scope S_00000249262fcd60;
T_0 ;
    %wait E_0000024926306df0;
    %pushi/vec4 0, 0, 8;
    %store/vec4 v0000024926361b70_0, 0, 8;
    %pushi/vec4 0, 0, 1;
    %store/vec4 v00000249263617b0_0, 0, 1;
    %pushi/vec4 0, 0, 1;
    %store/vec4 v00000249262f21a0_0, 0, 1;
    %pushi/vec4 0, 0, 1;
    %store/vec4 v0000024926361710_0, 0, 1;
    %load/vec4 v00000249263621b0_0;
    %dup/vec4;
    %pushi/vec4 1, 0, 4;
    %cmp/u;
    %jmp/1 T_0.0, 6;
    %dup/vec4;
    %pushi/vec4 2, 0, 4;
    %cmp/u;
    %jmp/1 T_0.1, 6;
    %dup/vec4;
    %pushi/vec4 3, 0, 4;
    %cmp/u;
    %jmp/1 T_0.2, 6;
    %dup/vec4;
    %pushi/vec4 4, 0, 4;
    %cmp/u;
    %jmp/1 T_0.3, 6;
    %dup/vec4;
    %pushi/vec4 5, 0, 4;
    %cmp/u;
    %jmp/1 T_0.4, 6;
    %dup/vec4;
    %pushi/vec4 6, 0, 4;
    %cmp/u;
    %jmp/1 T_0.5, 6;
    %dup/vec4;
    %pushi/vec4 7, 0, 4;
    %cmp/u;
    %jmp/1 T_0.6, 6;
    %dup/vec4;
    %pushi/vec4 8, 0, 4;
    %cmp/u;
    %jmp/1 T_0.7, 6;
    %dup/vec4;
    %pushi/vec4 9, 0, 4;
    %cmp/u;
    %jmp/1 T_0.8, 6;
    %pushi/vec4 1, 0, 1;
    %store/vec4 v0000024926361710_0, 0, 1;
    %jmp T_0.10;
T_0.0 ;
    %load/vec4 v00000249262f2060_0;
    %load/vec4 v00000249262f2100_0;
    %add;
    %store/vec4 v0000024926361b70_0, 0, 8;
    %jmp T_0.10;
T_0.1 ;
    %load/vec4 v00000249262f2060_0;
    %pad/u 9;
    %load/vec4 v00000249262f2100_0;
    %pad/u 9;
    %add;
    %load/vec4 v00000249262f2240_0;
    %pad/u 9;
    %add;
    %split/vec4 8;
    %store/vec4 v0000024926361b70_0, 0, 8;
    %store/vec4 v00000249263617b0_0, 0, 1;
    %jmp T_0.10;
T_0.2 ;
    %load/vec4 v00000249262f2060_0;
    %pad/u 9;
    %load/vec4 v00000249262f2100_0;
    %pad/u 9;
    %sub;
    %split/vec4 8;
    %store/vec4 v0000024926361b70_0, 0, 8;
    %store/vec4 v00000249262f21a0_0, 0, 1;
    %jmp T_0.10;
T_0.3 ;
    %load/vec4 v00000249262f2060_0;
    %pad/u 9;
    %addi 1, 0, 9;
    %split/vec4 8;
    %store/vec4 v0000024926361b70_0, 0, 8;
    %store/vec4 v00000249263617b0_0, 0, 1;
    %jmp T_0.10;
T_0.4 ;
    %load/vec4 v00000249262f2060_0;
    %pad/u 9;
    %subi 1, 0, 9;
    %split/vec4 8;
    %store/vec4 v0000024926361b70_0, 0, 8;
    %store/vec4 v00000249262f21a0_0, 0, 1;
    %jmp T_0.10;
T_0.5 ;
    %load/vec4 v00000249262f2060_0;
    %load/vec4 v00000249262f2100_0;
    %and;
    %store/vec4 v0000024926361b70_0, 0, 8;
    %jmp T_0.10;
T_0.6 ;
    %load/vec4 v00000249262f2060_0;
    %inv;
    %store/vec4 v0000024926361b70_0, 0, 8;
    %jmp T_0.10;
T_0.7 ;
    %load/vec4 v00000249262f2060_0;
    %parti/s 7, 0, 2;
    %concati/vec4 0, 0, 1;
    %store/vec4 v0000024926361b70_0, 0, 8;
    %jmp T_0.10;
T_0.8 ;
    %pushi/vec4 0, 0, 1;
    %load/vec4 v00000249262f2060_0;
    %parti/s 7, 1, 2;
    %concat/vec4; draw_concat_vec4
    %store/vec4 v0000024926361b70_0, 0, 8;
    %jmp T_0.10;
T_0.10 ;
    %pop/vec4 1;
    %jmp T_0;
    .thread T_0, $push;
    .scope S_000002492630aa70;
T_1 ;
    %vpi_call 2 18 "$dumpfile", "dump_ALU.vcd" {0 0 0};
    %vpi_call 2 19 "$dumpvars", 32'sb00000000000000000000000000000000, S_000002492630aa70 {0 0 0};
    %vpi_call 2 21 "$monitor", $time, "a =%d,  b = %d, carry_in = %d,  opcode = %d, y = %b, carry_out = %b,  borrow = %b ,  zero = %b,  parity = %b,   invalid_op = %b", v0000024926362110_0, v0000024926361a30_0, v0000024926361cb0_0, v0000024926362570_0, v0000024926362250_0, v0000024926361df0_0, v0000024926362610_0, v00000249263622f0_0, v0000024926361fd0_0, v0000024926361850_0 {0 0 0};
    %delay 1, 0;
    %vpi_call 2 49 "$display", "\012Test OP_SOL" {0 0 0};
    %pushi/vec4 8, 0, 4;
    %store/vec4 v0000024926362570_0, 0, 4;
    %pushi/vec4 205, 0, 8;
    %store/vec4 v0000024926362110_0, 0, 8;
    %delay 1, 0;
    %vpi_call 2 52 "$display", "\012Test OP_SOR" {0 0 0};
    %pushi/vec4 9, 0, 4;
    %store/vec4 v0000024926362570_0, 0, 4;
    %pushi/vec4 145, 0, 8;
    %store/vec4 v0000024926362110_0, 0, 8;
    %delay 50, 0;
    %vpi_call 2 54 "$finish" {0 0 0};
    %end;
    .thread T_1;
# The file index is used to find the file name in the following table.
:file_names 4;
    "N/A";
    "<interactive>";
    "ALU_tb.v";
    "ALU.v";
