#! /usr/bin/vvp
:ivl_version "12.0 (stable)";
:ivl_delay_selection "TYPICAL";
:vpi_time_precision - 12;
:vpi_module "/usr/lib/x86_64-linux-gnu/ivl/system.vpi";
:vpi_module "/usr/lib/x86_64-linux-gnu/ivl/vhdl_sys.vpi";
:vpi_module "/usr/lib/x86_64-linux-gnu/ivl/vhdl_textio.vpi";
:vpi_module "/usr/lib/x86_64-linux-gnu/ivl/v2005_math.vpi";
:vpi_module "/usr/lib/x86_64-linux-gnu/ivl/va_math.vpi";
S_0x55b849762710 .scope module, "stimulus" "stimulus" 2 3;
 .timescale -9 -12;
v0x55b8497ca120_0 .var "clk", 0 0;
v0x55b8497ca1e0_0 .net "out_data", 31 0, v0x55b8497c6690_0;  1 drivers
v0x55b8497ca2a0_0 .var "reset", 0 0;
S_0x55b849769a20 .scope module, "uut" "cpu_top" 2 10, 3 1 0, S_0x55b849762710;
 .timescale 0 0;
    .port_info 0 /INPUT 1 "clk";
    .port_info 1 /INPUT 1 "reset";
    .port_info 2 /OUTPUT 32 "out_data";
    .port_info 3 /INOUT 1 "VPWR";
    .port_info 4 /INOUT 1 "VGND";
o0x7f419e110f48 .functor BUFZ 1, C4<z>; HiZ drive
v0x55b8497c8440_0 .net "VGND", 0 0, o0x7f419e110f48;  0 drivers
o0x7f419e110f78 .functor BUFZ 1, C4<z>; HiZ drive
v0x55b8497c8520_0 .net "VPWR", 0 0, o0x7f419e110f78;  0 drivers
v0x55b8497c85e0_0 .net *"_ivl_25", 0 0, L_0x55b8497dbcc0;  1 drivers
v0x55b8497c86d0_0 .net *"_ivl_26", 19 0, L_0x55b8497dbdd0;  1 drivers
v0x55b8497c87b0_0 .net *"_ivl_29", 11 0, L_0x55b8497dc320;  1 drivers
L_0x7f419e0c72e8 .functor BUFT 1, C4<011>, C4<0>, C4<0>, C4<0>;
v0x55b8497c8890_0 .net/2u *"_ivl_32", 2 0, L_0x7f419e0c72e8;  1 drivers
v0x55b8497c8970_0 .net *"_ivl_34", 0 0, L_0x55b8497dc530;  1 drivers
v0x55b8497c8a30_0 .net "alu_b", 31 0, L_0x55b8497dc6b0;  1 drivers
v0x55b8497c8af0_0 .net "alu_op", 2 0, v0x55b8497c3c20_0;  1 drivers
v0x55b8497c8b90_0 .net "alu_opcode", 3 0, v0x55b849768a80_0;  1 drivers
v0x55b8497c8ca0_0 .net "borrow", 0 0, v0x55b8497c61e0_0;  1 drivers
v0x55b8497c8d40_0 .net "carry_out", 0 0, v0x55b8497c63b0_0;  1 drivers
v0x55b8497c8de0_0 .net "clk", 0 0, v0x55b8497ca120_0;  1 drivers
v0x55b8497c8e80_0 .net "funct3", 2 0, L_0x55b8497ca530;  1 drivers
v0x55b8497c8f50_0 .net "funct7", 6 0, L_0x55b8497ca820;  1 drivers
v0x55b8497c9020_0 .net "imm_i", 31 0, L_0x55b8497dc440;  1 drivers
v0x55b8497c90c0_0 .net "instr", 31 0, v0x55b8497c5260_0;  1 drivers
v0x55b8497c91b0_0 .net "invalid_op", 0 0, v0x55b8497c6470_0;  1 drivers
v0x55b8497c9280_0 .net "mem_to_reg", 0 0, v0x55b8497c3d00_0;  1 drivers
v0x55b8497c9350_0 .net "mem_write", 0 0, v0x55b8497c3da0_0;  1 drivers
v0x55b8497c9440_0 .net "opcode", 6 0, L_0x55b8497ca900;  1 drivers
v0x55b8497c94e0_0 .net "out_data", 31 0, v0x55b8497c6690_0;  alias, 1 drivers
v0x55b8497c95d0_0 .net "parity", 0 0, L_0x55b8497dba50;  1 drivers
v0x55b8497c9670_0 .var "pc", 7 0;
v0x55b8497c9710_0 .net "ram_data", 31 0, v0x55b8497c47e0_0;  1 drivers
v0x55b8497c97e0_0 .net "rd", 4 0, L_0x55b8497ca410;  1 drivers
v0x55b8497c98a0_0 .net "reg_a", 31 0, L_0x55b8497daf50;  1 drivers
v0x55b8497c99b0_0 .net "reg_b", 31 0, L_0x55b8497db620;  1 drivers
v0x55b8497c9ac0_0 .net "reg_write", 0 0, v0x55b8497c3f50_0;  1 drivers
v0x55b8497c9bb0_0 .net "reset", 0 0, v0x55b8497ca2a0_0;  1 drivers
v0x55b8497c9c50_0 .net "rs1", 4 0, L_0x55b8497ca620;  1 drivers
v0x55b8497c9d10_0 .net "rs2", 4 0, L_0x55b8497ca780;  1 drivers
v0x55b8497c9df0_0 .net "zero", 0 0, L_0x55b8497dbb80;  1 drivers
E_0x55b849780110 .event posedge, v0x55b8497c49d0_0, v0x55b8497c4630_0;
L_0x55b8497ca340 .part v0x55b8497c9670_0, 0, 4;
L_0x55b8497ca410 .part v0x55b8497c5260_0, 7, 5;
L_0x55b8497ca530 .part v0x55b8497c5260_0, 12, 3;
L_0x55b8497ca620 .part v0x55b8497c5260_0, 15, 5;
L_0x55b8497ca780 .part v0x55b8497c5260_0, 20, 5;
L_0x55b8497ca820 .part v0x55b8497c5260_0, 25, 7;
L_0x55b8497ca900 .part v0x55b8497c5260_0, 0, 7;
L_0x55b8497db7c0 .part v0x55b8497c5260_0, 15, 5;
L_0x55b8497db8b0 .part v0x55b8497c5260_0, 20, 5;
L_0x55b8497db950 .part v0x55b8497c5260_0, 7, 5;
L_0x55b8497dbc20 .part v0x55b8497c6690_0, 0, 6;
L_0x55b8497dbcc0 .part v0x55b8497c5260_0, 31, 1;
LS_0x55b8497dbdd0_0_0 .concat [ 1 1 1 1], L_0x55b8497dbcc0, L_0x55b8497dbcc0, L_0x55b8497dbcc0, L_0x55b8497dbcc0;
LS_0x55b8497dbdd0_0_4 .concat [ 1 1 1 1], L_0x55b8497dbcc0, L_0x55b8497dbcc0, L_0x55b8497dbcc0, L_0x55b8497dbcc0;
LS_0x55b8497dbdd0_0_8 .concat [ 1 1 1 1], L_0x55b8497dbcc0, L_0x55b8497dbcc0, L_0x55b8497dbcc0, L_0x55b8497dbcc0;
LS_0x55b8497dbdd0_0_12 .concat [ 1 1 1 1], L_0x55b8497dbcc0, L_0x55b8497dbcc0, L_0x55b8497dbcc0, L_0x55b8497dbcc0;
LS_0x55b8497dbdd0_0_16 .concat [ 1 1 1 1], L_0x55b8497dbcc0, L_0x55b8497dbcc0, L_0x55b8497dbcc0, L_0x55b8497dbcc0;
LS_0x55b8497dbdd0_1_0 .concat [ 4 4 4 4], LS_0x55b8497dbdd0_0_0, LS_0x55b8497dbdd0_0_4, LS_0x55b8497dbdd0_0_8, LS_0x55b8497dbdd0_0_12;
LS_0x55b8497dbdd0_1_4 .concat [ 4 0 0 0], LS_0x55b8497dbdd0_0_16;
L_0x55b8497dbdd0 .concat [ 16 4 0 0], LS_0x55b8497dbdd0_1_0, LS_0x55b8497dbdd0_1_4;
L_0x55b8497dc320 .part v0x55b8497c5260_0, 20, 12;
L_0x55b8497dc440 .concat [ 12 20 0 0], L_0x55b8497dc320, L_0x55b8497dbdd0;
L_0x55b8497dc530 .cmp/eq 3, v0x55b8497c3c20_0, L_0x7f419e0c72e8;
L_0x55b8497dc6b0 .functor MUXZ 32, L_0x55b8497db620, L_0x55b8497dc440, L_0x55b8497dc530, C4<>;
S_0x55b8497a6b50 .scope module, "alu_ctrl" "alu_control" 3 45, 4 1 0, S_0x55b849769a20;
 .timescale 0 0;
    .port_info 0 /INPUT 3 "funct3";
    .port_info 1 /INPUT 7 "funct7";
    .port_info 2 /INPUT 3 "alu_op";
    .port_info 3 /OUTPUT 4 "alu_opcode";
v0x55b84979ff60_0 .net "alu_op", 2 0, v0x55b8497c3c20_0;  alias, 1 drivers
v0x55b849768a80_0 .var "alu_opcode", 3 0;
v0x55b8497c3460_0 .net "funct3", 2 0, L_0x55b8497ca530;  alias, 1 drivers
v0x55b8497c3520_0 .net "funct7", 6 0, L_0x55b8497ca820;  alias, 1 drivers
E_0x55b84977f670 .event anyedge, v0x55b84979ff60_0, v0x55b8497c3460_0, v0x55b8497c3520_0;
S_0x55b8497c3680 .scope module, "cu" "control_unit" 3 37, 5 1 0, S_0x55b849769a20;
 .timescale 0 0;
    .port_info 0 /INPUT 7 "opcode";
    .port_info 1 /OUTPUT 1 "reg_write";
    .port_info 2 /OUTPUT 1 "mem_write";
    .port_info 3 /OUTPUT 1 "mem_to_reg";
    .port_info 4 /OUTPUT 3 "alu_op";
P_0x55b8497c3880 .param/l "OP_BRANCH" 1 5 13, C4<1100011>;
P_0x55b8497c38c0 .param/l "OP_ITYPE" 1 5 10, C4<0010011>;
P_0x55b8497c3900 .param/l "OP_LOAD" 1 5 11, C4<0000011>;
P_0x55b8497c3940 .param/l "OP_RTYPE" 1 5 9, C4<0110011>;
P_0x55b8497c3980 .param/l "OP_STORE" 1 5 12, C4<0100011>;
v0x55b8497c3c20_0 .var "alu_op", 2 0;
v0x55b8497c3d00_0 .var "mem_to_reg", 0 0;
v0x55b8497c3da0_0 .var "mem_write", 0 0;
v0x55b8497c3e70_0 .net "opcode", 6 0, L_0x55b8497ca900;  alias, 1 drivers
v0x55b8497c3f50_0 .var "reg_write", 0 0;
E_0x55b84977fec0 .event anyedge, v0x55b8497c3e70_0;
S_0x55b8497c4100 .scope module, "dataRam" "parameterized_RAM" 3 83, 6 2 0, S_0x55b849769a20;
 .timescale 0 0;
    .port_info 0 /INPUT 1 "clk";
    .port_info 1 /INPUT 1 "reset";
    .port_info 2 /INPUT 1 "we";
    .port_info 3 /INPUT 6 "address";
    .port_info 4 /INPUT 32 "data_in";
    .port_info 5 /OUTPUT 32 "data_ram_out";
P_0x55b8497a77f0 .param/l "ADDR_WIDTH" 0 6 2, +C4<00000000000000000000000000000110>;
P_0x55b8497a7830 .param/l "DATA_WIDTH" 0 6 2, +C4<00000000000000000000000000100000>;
v0x55b8497c4530_0 .net "address", 5 0, L_0x55b8497dbc20;  1 drivers
v0x55b8497c4630_0 .net "clk", 0 0, v0x55b8497ca120_0;  alias, 1 drivers
v0x55b8497c46f0_0 .net "data_in", 31 0, L_0x55b8497db620;  alias, 1 drivers
v0x55b8497c47e0_0 .var "data_ram_out", 31 0;
v0x55b8497c48c0 .array "mem", 0 63, 31 0;
v0x55b8497c49d0_0 .net "reset", 0 0, v0x55b8497ca2a0_0;  alias, 1 drivers
v0x55b8497c4a90_0 .net "we", 0 0, v0x55b8497c3da0_0;  alias, 1 drivers
E_0x55b8497a8330 .event posedge, v0x55b8497c4630_0;
S_0x55b8497c4bd0 .scope module, "instr_mem" "rom" 3 16, 7 1 0, S_0x55b849769a20;
 .timescale 0 0;
    .port_info 0 /INPUT 1 "clk";
    .port_info 1 /INPUT 4 "addr_rd";
    .port_info 2 /OUTPUT 32 "data_rom_out";
P_0x55b8497c4db0 .param/l "DEPTH" 0 7 2, +C4<00000000000000000000000000010000>;
P_0x55b8497c4df0 .param/l "DEPTH_LOG" 0 7 4, +C4<00000000000000000000000000000100>;
P_0x55b8497c4e30 .param/l "WIDTH" 0 7 3, +C4<00000000000000000000000000100000>;
v0x55b8497c5070_0 .net "addr_rd", 3 0, L_0x55b8497ca340;  1 drivers
v0x55b8497c5170_0 .net "clk", 0 0, v0x55b8497ca120_0;  alias, 1 drivers
v0x55b8497c5260_0 .var "data_rom_out", 31 0;
v0x55b8497c5330 .array "rom", 15 0, 31 0;
S_0x55b8497c5450 .scope module, "myalu" "ALU" 3 68, 8 1 0, S_0x55b849769a20;
 .timescale 0 0;
    .port_info 0 /INPUT 32 "a";
    .port_info 1 /INPUT 32 "b";
    .port_info 2 /INPUT 1 "carry_in";
    .port_info 3 /INPUT 4 "opcode";
    .port_info 4 /OUTPUT 32 "y";
    .port_info 5 /OUTPUT 1 "carry_out";
    .port_info 6 /OUTPUT 1 "borrow";
    .port_info 7 /OUTPUT 1 "zero";
    .port_info 8 /OUTPUT 1 "parity";
    .port_info 9 /OUTPUT 1 "invalid_op";
P_0x55b8497c5680 .param/l "BUS_WIDTH" 0 8 2, +C4<00000000000000000000000000100000>;
P_0x55b8497c56c0 .param/l "OP_ADD" 1 8 16, +C4<00000000000000000000000000000001>;
P_0x55b8497c5700 .param/l "OP_ADD_CARRY" 1 8 17, +C4<00000000000000000000000000000010>;
P_0x55b8497c5740 .param/l "OP_AND" 1 8 21, +C4<00000000000000000000000000000110>;
P_0x55b8497c5780 .param/l "OP_DEC" 1 8 20, +C4<00000000000000000000000000000101>;
P_0x55b8497c57c0 .param/l "OP_INC" 1 8 19, +C4<00000000000000000000000000000100>;
P_0x55b8497c5800 .param/l "OP_NOT" 1 8 22, +C4<00000000000000000000000000000111>;
P_0x55b8497c5840 .param/l "OP_SOL" 1 8 26, +C4<00000000000000000000000000001000>;
P_0x55b8497c5880 .param/l "OP_SOR" 1 8 27, +C4<00000000000000000000000000001001>;
P_0x55b8497c58c0 .param/l "OP_SUB" 1 8 18, +C4<00000000000000000000000000000011>;
L_0x7f419e0c7258 .functor BUFT 1, C4<00000000000000000000000000000000>, C4<0>, C4<0>, C4<0>;
v0x55b8497c5f10_0 .net/2u *"_ivl_2", 31 0, L_0x7f419e0c7258;  1 drivers
v0x55b8497c6010_0 .net "a", 31 0, L_0x55b8497daf50;  alias, 1 drivers
v0x55b8497c60f0_0 .net "b", 31 0, L_0x55b8497dc6b0;  alias, 1 drivers
v0x55b8497c61e0_0 .var "borrow", 0 0;
L_0x7f419e0c72a0 .functor BUFT 1, C4<0>, C4<0>, C4<0>, C4<0>;
v0x55b8497c62a0_0 .net "carry_in", 0 0, L_0x7f419e0c72a0;  1 drivers
v0x55b8497c63b0_0 .var "carry_out", 0 0;
v0x55b8497c6470_0 .var "invalid_op", 0 0;
v0x55b8497c6530_0 .net "opcode", 3 0, v0x55b849768a80_0;  alias, 1 drivers
v0x55b8497c65f0_0 .net "parity", 0 0, L_0x55b8497dba50;  alias, 1 drivers
v0x55b8497c6690_0 .var "y", 31 0;
v0x55b8497c6770_0 .net "zero", 0 0, L_0x55b8497dbb80;  alias, 1 drivers
E_0x55b84975a330 .event anyedge, v0x55b849768a80_0, v0x55b8497c6010_0, v0x55b8497c60f0_0, v0x55b8497c62a0_0;
L_0x55b8497dba50 .reduce/xor v0x55b8497c6690_0;
L_0x55b8497dbb80 .cmp/eq 32, v0x55b8497c6690_0, L_0x7f419e0c7258;
S_0x55b8497c69d0 .scope module, "rf" "regfile" 3 54, 9 1 0, S_0x55b849769a20;
 .timescale 0 0;
    .port_info 0 /INPUT 1 "clk";
    .port_info 1 /INPUT 1 "we";
    .port_info 2 /INPUT 5 "rs1";
    .port_info 3 /INPUT 5 "rs2";
    .port_info 4 /INPUT 5 "rd";
    .port_info 5 /INPUT 32 "wd";
    .port_info 6 /OUTPUT 32 "rd1";
    .port_info 7 /OUTPUT 32 "rd2";
v0x55b8497c6c80_0 .net *"_ivl_0", 31 0, L_0x55b8497ca9f0;  1 drivers
v0x55b8497c6d80_0 .net *"_ivl_10", 31 0, L_0x55b8497dac90;  1 drivers
v0x55b8497c6e60_0 .net *"_ivl_12", 6 0, L_0x55b8497dad90;  1 drivers
L_0x7f419e0c70f0 .functor BUFT 1, C4<00>, C4<0>, C4<0>, C4<0>;
v0x55b8497c6f50_0 .net *"_ivl_15", 1 0, L_0x7f419e0c70f0;  1 drivers
v0x55b8497c7030_0 .net *"_ivl_18", 31 0, L_0x55b8497db0e0;  1 drivers
L_0x7f419e0c7138 .functor BUFT 1, C4<000000000000000000000000000>, C4<0>, C4<0>, C4<0>;
v0x55b8497c7160_0 .net *"_ivl_21", 26 0, L_0x7f419e0c7138;  1 drivers
L_0x7f419e0c7180 .functor BUFT 1, C4<00000000000000000000000000000000>, C4<0>, C4<0>, C4<0>;
v0x55b8497c7240_0 .net/2u *"_ivl_22", 31 0, L_0x7f419e0c7180;  1 drivers
v0x55b8497c7320_0 .net *"_ivl_24", 0 0, L_0x55b8497db260;  1 drivers
L_0x7f419e0c71c8 .functor BUFT 1, C4<00000000000000000000000000000000>, C4<0>, C4<0>, C4<0>;
v0x55b8497c73e0_0 .net/2u *"_ivl_26", 31 0, L_0x7f419e0c71c8;  1 drivers
v0x55b8497c7550_0 .net *"_ivl_28", 31 0, L_0x55b8497db3a0;  1 drivers
L_0x7f419e0c7018 .functor BUFT 1, C4<000000000000000000000000000>, C4<0>, C4<0>, C4<0>;
v0x55b8497c7630_0 .net *"_ivl_3", 26 0, L_0x7f419e0c7018;  1 drivers
v0x55b8497c7710_0 .net *"_ivl_30", 6 0, L_0x55b8497db490;  1 drivers
L_0x7f419e0c7210 .functor BUFT 1, C4<00>, C4<0>, C4<0>, C4<0>;
v0x55b8497c77f0_0 .net *"_ivl_33", 1 0, L_0x7f419e0c7210;  1 drivers
L_0x7f419e0c7060 .functor BUFT 1, C4<00000000000000000000000000000000>, C4<0>, C4<0>, C4<0>;
v0x55b8497c78d0_0 .net/2u *"_ivl_4", 31 0, L_0x7f419e0c7060;  1 drivers
v0x55b8497c79b0_0 .net *"_ivl_6", 0 0, L_0x55b8497dab20;  1 drivers
L_0x7f419e0c70a8 .functor BUFT 1, C4<00000000000000000000000000000000>, C4<0>, C4<0>, C4<0>;
v0x55b8497c7a70_0 .net/2u *"_ivl_8", 31 0, L_0x7f419e0c70a8;  1 drivers
v0x55b8497c7b50_0 .net "clk", 0 0, v0x55b8497ca120_0;  alias, 1 drivers
v0x55b8497c7bf0_0 .var/i "i", 31 0;
v0x55b8497c7cd0_0 .net "rd", 4 0, L_0x55b8497db950;  1 drivers
v0x55b8497c7db0_0 .net "rd1", 31 0, L_0x55b8497daf50;  alias, 1 drivers
v0x55b8497c7e70_0 .net "rd2", 31 0, L_0x55b8497db620;  alias, 1 drivers
v0x55b8497c7f10 .array "regs", 0 31, 31 0;
v0x55b8497c7fb0_0 .net "rs1", 4 0, L_0x55b8497db7c0;  1 drivers
v0x55b8497c8090_0 .net "rs2", 4 0, L_0x55b8497db8b0;  1 drivers
v0x55b8497c8170_0 .net "wd", 31 0, v0x55b8497c6690_0;  alias, 1 drivers
v0x55b8497c8260_0 .net "we", 0 0, v0x55b8497c3f50_0;  alias, 1 drivers
L_0x55b8497ca9f0 .concat [ 5 27 0 0], L_0x55b8497db7c0, L_0x7f419e0c7018;
L_0x55b8497dab20 .cmp/eq 32, L_0x55b8497ca9f0, L_0x7f419e0c7060;
L_0x55b8497dac90 .array/port v0x55b8497c7f10, L_0x55b8497dad90;
L_0x55b8497dad90 .concat [ 5 2 0 0], L_0x55b8497db7c0, L_0x7f419e0c70f0;
L_0x55b8497daf50 .functor MUXZ 32, L_0x55b8497dac90, L_0x7f419e0c70a8, L_0x55b8497dab20, C4<>;
L_0x55b8497db0e0 .concat [ 5 27 0 0], L_0x55b8497db8b0, L_0x7f419e0c7138;
L_0x55b8497db260 .cmp/eq 32, L_0x55b8497db0e0, L_0x7f419e0c7180;
L_0x55b8497db3a0 .array/port v0x55b8497c7f10, L_0x55b8497db490;
L_0x55b8497db490 .concat [ 5 2 0 0], L_0x55b8497db8b0, L_0x7f419e0c7210;
L_0x55b8497db620 .functor MUXZ 32, L_0x55b8497db3a0, L_0x7f419e0c71c8, L_0x55b8497db260, C4<>;
    .scope S_0x55b8497c4bd0;
T_0 ;
    %vpi_call 7 15 "$readmemh", "instruction_set.hex", v0x55b8497c5330, 32'sb00000000000000000000000000000000, 32'sb00000000000000000000000000001111 {0 0 0};
    %end;
    .thread T_0;
    .scope S_0x55b8497c4bd0;
T_1 ;
    %wait E_0x55b8497a8330;
    %load/vec4 v0x55b8497c5070_0;
    %pad/u 6;
    %ix/vec4 4;
    %load/vec4a v0x55b8497c5330, 4;
    %assign/vec4 v0x55b8497c5260_0, 0;
    %jmp T_1;
    .thread T_1;
    .scope S_0x55b8497c3680;
T_2 ;
    %wait E_0x55b84977fec0;
    %pushi/vec4 0, 0, 1;
    %store/vec4 v0x55b8497c3f50_0, 0, 1;
    %pushi/vec4 0, 0, 1;
    %store/vec4 v0x55b8497c3da0_0, 0, 1;
    %pushi/vec4 0, 0, 1;
    %store/vec4 v0x55b8497c3d00_0, 0, 1;
    %pushi/vec4 0, 0, 3;
    %store/vec4 v0x55b8497c3c20_0, 0, 3;
    %load/vec4 v0x55b8497c3e70_0;
    %dup/vec4;
    %pushi/vec4 51, 0, 7;
    %cmp/u;
    %jmp/1 T_2.0, 6;
    %dup/vec4;
    %pushi/vec4 19, 0, 7;
    %cmp/u;
    %jmp/1 T_2.1, 6;
    %dup/vec4;
    %pushi/vec4 3, 0, 7;
    %cmp/u;
    %jmp/1 T_2.2, 6;
    %dup/vec4;
    %pushi/vec4 35, 0, 7;
    %cmp/u;
    %jmp/1 T_2.3, 6;
    %dup/vec4;
    %pushi/vec4 99, 0, 7;
    %cmp/u;
    %jmp/1 T_2.4, 6;
    %jmp T_2.6;
T_2.0 ;
    %pushi/vec4 1, 0, 1;
    %store/vec4 v0x55b8497c3f50_0, 0, 1;
    %pushi/vec4 2, 0, 3;
    %store/vec4 v0x55b8497c3c20_0, 0, 3;
    %jmp T_2.6;
T_2.1 ;
    %pushi/vec4 1, 0, 1;
    %store/vec4 v0x55b8497c3f50_0, 0, 1;
    %pushi/vec4 3, 0, 3;
    %store/vec4 v0x55b8497c3c20_0, 0, 3;
    %jmp T_2.6;
T_2.2 ;
    %pushi/vec4 1, 0, 1;
    %store/vec4 v0x55b8497c3f50_0, 0, 1;
    %pushi/vec4 1, 0, 1;
    %store/vec4 v0x55b8497c3d00_0, 0, 1;
    %pushi/vec4 0, 0, 3;
    %store/vec4 v0x55b8497c3c20_0, 0, 3;
    %jmp T_2.6;
T_2.3 ;
    %pushi/vec4 1, 0, 1;
    %store/vec4 v0x55b8497c3da0_0, 0, 1;
    %pushi/vec4 0, 0, 3;
    %store/vec4 v0x55b8497c3c20_0, 0, 3;
    %jmp T_2.6;
T_2.4 ;
    %pushi/vec4 1, 0, 3;
    %store/vec4 v0x55b8497c3c20_0, 0, 3;
    %jmp T_2.6;
T_2.6 ;
    %pop/vec4 1;
    %jmp T_2;
    .thread T_2, $push;
    .scope S_0x55b8497a6b50;
T_3 ;
    %wait E_0x55b84977f670;
    %pushi/vec4 0, 0, 4;
    %store/vec4 v0x55b849768a80_0, 0, 4;
    %load/vec4 v0x55b84979ff60_0;
    %dup/vec4;
    %pushi/vec4 2, 0, 3;
    %cmp/u;
    %jmp/1 T_3.0, 6;
    %dup/vec4;
    %pushi/vec4 3, 0, 3;
    %cmp/u;
    %jmp/1 T_3.1, 6;
    %dup/vec4;
    %pushi/vec4 0, 0, 3;
    %cmp/u;
    %jmp/1 T_3.2, 6;
    %dup/vec4;
    %pushi/vec4 1, 0, 3;
    %cmp/u;
    %jmp/1 T_3.3, 6;
    %pushi/vec4 0, 0, 4;
    %store/vec4 v0x55b849768a80_0, 0, 4;
    %jmp T_3.5;
T_3.0 ;
    %load/vec4 v0x55b8497c3460_0;
    %dup/vec4;
    %pushi/vec4 0, 0, 3;
    %cmp/u;
    %jmp/1 T_3.6, 6;
    %dup/vec4;
    %pushi/vec4 7, 0, 3;
    %cmp/u;
    %jmp/1 T_3.7, 6;
    %dup/vec4;
    %pushi/vec4 6, 0, 3;
    %cmp/u;
    %jmp/1 T_3.8, 6;
    %dup/vec4;
    %pushi/vec4 1, 0, 3;
    %cmp/u;
    %jmp/1 T_3.9, 6;
    %dup/vec4;
    %pushi/vec4 5, 0, 3;
    %cmp/u;
    %jmp/1 T_3.10, 6;
    %pushi/vec4 0, 0, 4;
    %store/vec4 v0x55b849768a80_0, 0, 4;
    %jmp T_3.12;
T_3.6 ;
    %load/vec4 v0x55b8497c3520_0;
    %cmpi/e 32, 0, 7;
    %flag_mov 8, 4;
    %jmp/0 T_3.13, 8;
    %pushi/vec4 3, 0, 4;
    %jmp/1 T_3.14, 8;
T_3.13 ; End of true expr.
    %pushi/vec4 1, 0, 4;
    %jmp/0 T_3.14, 8;
 ; End of false expr.
    %blend;
T_3.14;
    %store/vec4 v0x55b849768a80_0, 0, 4;
    %jmp T_3.12;
T_3.7 ;
    %pushi/vec4 6, 0, 4;
    %store/vec4 v0x55b849768a80_0, 0, 4;
    %jmp T_3.12;
T_3.8 ;
    %pushi/vec4 7, 0, 4;
    %store/vec4 v0x55b849768a80_0, 0, 4;
    %jmp T_3.12;
T_3.9 ;
    %pushi/vec4 8, 0, 4;
    %store/vec4 v0x55b849768a80_0, 0, 4;
    %jmp T_3.12;
T_3.10 ;
    %pushi/vec4 9, 0, 4;
    %store/vec4 v0x55b849768a80_0, 0, 4;
    %jmp T_3.12;
T_3.12 ;
    %pop/vec4 1;
    %jmp T_3.5;
T_3.1 ;
    %load/vec4 v0x55b8497c3460_0;
    %dup/vec4;
    %pushi/vec4 0, 0, 3;
    %cmp/u;
    %jmp/1 T_3.15, 6;
    %dup/vec4;
    %pushi/vec4 7, 0, 3;
    %cmp/u;
    %jmp/1 T_3.16, 6;
    %dup/vec4;
    %pushi/vec4 6, 0, 3;
    %cmp/u;
    %jmp/1 T_3.17, 6;
    %pushi/vec4 0, 0, 4;
    %store/vec4 v0x55b849768a80_0, 0, 4;
    %jmp T_3.19;
T_3.15 ;
    %pushi/vec4 1, 0, 4;
    %store/vec4 v0x55b849768a80_0, 0, 4;
    %jmp T_3.19;
T_3.16 ;
    %pushi/vec4 6, 0, 4;
    %store/vec4 v0x55b849768a80_0, 0, 4;
    %jmp T_3.19;
T_3.17 ;
    %pushi/vec4 7, 0, 4;
    %store/vec4 v0x55b849768a80_0, 0, 4;
    %jmp T_3.19;
T_3.19 ;
    %pop/vec4 1;
    %jmp T_3.5;
T_3.2 ;
    %pushi/vec4 1, 0, 4;
    %store/vec4 v0x55b849768a80_0, 0, 4;
    %jmp T_3.5;
T_3.3 ;
    %pushi/vec4 3, 0, 4;
    %store/vec4 v0x55b849768a80_0, 0, 4;
    %jmp T_3.5;
T_3.5 ;
    %pop/vec4 1;
    %jmp T_3;
    .thread T_3, $push;
    .scope S_0x55b8497c69d0;
T_4 ;
    %pushi/vec4 0, 0, 32;
    %store/vec4 v0x55b8497c7bf0_0, 0, 32;
T_4.0 ;
    %load/vec4 v0x55b8497c7bf0_0;
    %cmpi/s 32, 0, 32;
    %jmp/0xz T_4.1, 5;
    %pushi/vec4 0, 0, 32;
    %ix/getv/s 4, v0x55b8497c7bf0_0;
    %store/vec4a v0x55b8497c7f10, 4, 0;
    %load/vec4 v0x55b8497c7bf0_0;
    %addi 1, 0, 32;
    %store/vec4 v0x55b8497c7bf0_0, 0, 32;
    %jmp T_4.0;
T_4.1 ;
    %end;
    .thread T_4;
    .scope S_0x55b8497c69d0;
T_5 ;
    %wait E_0x55b8497a8330;
    %load/vec4 v0x55b8497c8260_0;
    %flag_set/vec4 9;
    %flag_get/vec4 9;
    %jmp/0 T_5.2, 9;
    %load/vec4 v0x55b8497c7cd0_0;
    %pad/u 32;
    %pushi/vec4 0, 0, 32;
    %cmp/ne;
    %flag_get/vec4 4;
    %and;
T_5.2;
    %flag_set/vec4 8;
    %jmp/0xz  T_5.0, 8;
    %load/vec4 v0x55b8497c8170_0;
    %load/vec4 v0x55b8497c7cd0_0;
    %pad/u 7;
    %ix/vec4 3;
    %ix/load 4, 0, 0; Constant delay
    %assign/vec4/a/d v0x55b8497c7f10, 0, 4;
    %vpi_call 9 25 "$display", "Register x%0d <= %h at time %0t", v0x55b8497c7cd0_0, v0x55b8497c8170_0, $time {0 0 0};
T_5.0 ;
    %jmp T_5;
    .thread T_5;
    .scope S_0x55b8497c5450;
T_6 ;
    %wait E_0x55b84975a330;
    %pushi/vec4 0, 0, 32;
    %store/vec4 v0x55b8497c6690_0, 0, 32;
    %pushi/vec4 0, 0, 1;
    %store/vec4 v0x55b8497c63b0_0, 0, 1;
    %pushi/vec4 0, 0, 1;
    %store/vec4 v0x55b8497c61e0_0, 0, 1;
    %pushi/vec4 0, 0, 1;
    %store/vec4 v0x55b8497c6470_0, 0, 1;
    %load/vec4 v0x55b8497c6530_0;
    %dup/vec4;
    %pushi/vec4 1, 0, 4;
    %cmp/u;
    %jmp/1 T_6.0, 6;
    %dup/vec4;
    %pushi/vec4 2, 0, 4;
    %cmp/u;
    %jmp/1 T_6.1, 6;
    %dup/vec4;
    %pushi/vec4 3, 0, 4;
    %cmp/u;
    %jmp/1 T_6.2, 6;
    %dup/vec4;
    %pushi/vec4 4, 0, 4;
    %cmp/u;
    %jmp/1 T_6.3, 6;
    %dup/vec4;
    %pushi/vec4 5, 0, 4;
    %cmp/u;
    %jmp/1 T_6.4, 6;
    %dup/vec4;
    %pushi/vec4 6, 0, 4;
    %cmp/u;
    %jmp/1 T_6.5, 6;
    %dup/vec4;
    %pushi/vec4 7, 0, 4;
    %cmp/u;
    %jmp/1 T_6.6, 6;
    %dup/vec4;
    %pushi/vec4 8, 0, 4;
    %cmp/u;
    %jmp/1 T_6.7, 6;
    %dup/vec4;
    %pushi/vec4 9, 0, 4;
    %cmp/u;
    %jmp/1 T_6.8, 6;
    %pushi/vec4 1, 0, 1;
    %store/vec4 v0x55b8497c6470_0, 0, 1;
    %jmp T_6.10;
T_6.0 ;
    %load/vec4 v0x55b8497c6010_0;
    %load/vec4 v0x55b8497c60f0_0;
    %add;
    %store/vec4 v0x55b8497c6690_0, 0, 32;
    %jmp T_6.10;
T_6.1 ;
    %load/vec4 v0x55b8497c6010_0;
    %pad/u 33;
    %load/vec4 v0x55b8497c60f0_0;
    %pad/u 33;
    %add;
    %load/vec4 v0x55b8497c62a0_0;
    %pad/u 33;
    %add;
    %split/vec4 32;
    %store/vec4 v0x55b8497c6690_0, 0, 32;
    %store/vec4 v0x55b8497c63b0_0, 0, 1;
    %jmp T_6.10;
T_6.2 ;
    %load/vec4 v0x55b8497c6010_0;
    %pad/u 33;
    %load/vec4 v0x55b8497c60f0_0;
    %pad/u 33;
    %sub;
    %split/vec4 32;
    %store/vec4 v0x55b8497c6690_0, 0, 32;
    %store/vec4 v0x55b8497c61e0_0, 0, 1;
    %jmp T_6.10;
T_6.3 ;
    %load/vec4 v0x55b8497c6010_0;
    %pad/u 33;
    %addi 1, 0, 33;
    %split/vec4 32;
    %store/vec4 v0x55b8497c6690_0, 0, 32;
    %store/vec4 v0x55b8497c63b0_0, 0, 1;
    %jmp T_6.10;
T_6.4 ;
    %load/vec4 v0x55b8497c6010_0;
    %pad/u 33;
    %subi 1, 0, 33;
    %split/vec4 32;
    %store/vec4 v0x55b8497c6690_0, 0, 32;
    %store/vec4 v0x55b8497c61e0_0, 0, 1;
    %jmp T_6.10;
T_6.5 ;
    %load/vec4 v0x55b8497c6010_0;
    %load/vec4 v0x55b8497c60f0_0;
    %and;
    %store/vec4 v0x55b8497c6690_0, 0, 32;
    %jmp T_6.10;
T_6.6 ;
    %load/vec4 v0x55b8497c6010_0;
    %inv;
    %store/vec4 v0x55b8497c6690_0, 0, 32;
    %jmp T_6.10;
T_6.7 ;
    %load/vec4 v0x55b8497c6010_0;
    %parti/s 31, 0, 2;
    %concati/vec4 0, 0, 1;
    %store/vec4 v0x55b8497c6690_0, 0, 32;
    %jmp T_6.10;
T_6.8 ;
    %pushi/vec4 0, 0, 1;
    %load/vec4 v0x55b8497c6010_0;
    %parti/s 31, 1, 2;
    %concat/vec4; draw_concat_vec4
    %store/vec4 v0x55b8497c6690_0, 0, 32;
    %jmp T_6.10;
T_6.10 ;
    %pop/vec4 1;
    %jmp T_6;
    .thread T_6, $push;
    .scope S_0x55b8497c4100;
T_7 ;
    %wait E_0x55b8497a8330;
    %load/vec4 v0x55b8497c49d0_0;
    %flag_set/vec4 8;
    %jmp/0xz  T_7.0, 8;
    %pushi/vec4 0, 0, 32;
    %assign/vec4 v0x55b8497c47e0_0, 0;
    %jmp T_7.1;
T_7.0 ;
    %load/vec4 v0x55b8497c4a90_0;
    %flag_set/vec4 8;
    %jmp/0xz  T_7.2, 8;
    %load/vec4 v0x55b8497c46f0_0;
    %load/vec4 v0x55b8497c4530_0;
    %pad/u 8;
    %ix/vec4 3;
    %ix/load 4, 0, 0; Constant delay
    %assign/vec4/a/d v0x55b8497c48c0, 0, 4;
    %jmp T_7.3;
T_7.2 ;
    %load/vec4 v0x55b8497c4530_0;
    %pad/u 8;
    %ix/vec4 4;
    %load/vec4a v0x55b8497c48c0, 4;
    %assign/vec4 v0x55b8497c47e0_0, 0;
T_7.3 ;
T_7.1 ;
    %jmp T_7;
    .thread T_7;
    .scope S_0x55b849769a20;
T_8 ;
    %wait E_0x55b849780110;
    %load/vec4 v0x55b8497c9bb0_0;
    %flag_set/vec4 8;
    %jmp/0xz  T_8.0, 8;
    %pushi/vec4 0, 0, 8;
    %assign/vec4 v0x55b8497c9670_0, 0;
    %jmp T_8.1;
T_8.0 ;
    %load/vec4 v0x55b8497c9670_0;
    %addi 1, 0, 8;
    %assign/vec4 v0x55b8497c9670_0, 0;
T_8.1 ;
    %jmp T_8;
    .thread T_8;
    .scope S_0x55b849762710;
T_9 ;
    %pushi/vec4 0, 0, 1;
    %store/vec4 v0x55b8497ca120_0, 0, 1;
T_9.0 ;
    %delay 5000, 0;
    %load/vec4 v0x55b8497ca120_0;
    %inv;
    %store/vec4 v0x55b8497ca120_0, 0, 1;
    %jmp T_9.0;
    %end;
    .thread T_9;
    .scope S_0x55b849762710;
T_10 ;
    %pushi/vec4 1, 0, 1;
    %store/vec4 v0x55b8497ca2a0_0, 0, 1;
    %delay 20000, 0;
    %pushi/vec4 0, 0, 1;
    %store/vec4 v0x55b8497ca2a0_0, 0, 1;
    %delay 200000, 0;
    %vpi_call 2 33 "$finish" {0 0 0};
    %end;
    .thread T_10;
    .scope S_0x55b849762710;
T_11 ;
    %vpi_call 2 38 "$monitor", "Time=%0t | PC=%d | instr=%h | reg_a=%h | reg_b=%h | out_data=%d", $time, v0x55b8497c9670_0, v0x55b8497c90c0_0, v0x55b8497c98a0_0, v0x55b8497c99b0_0, v0x55b8497ca1e0_0 {0 0 0};
    %end;
    .thread T_11;
    .scope S_0x55b849762710;
T_12 ;
    %vpi_call 2 42 "$dumpfile", "cpu_top_final.vcd" {0 0 0};
    %vpi_call 2 43 "$dumpvars", 32'sb00000000000000000000000000000000, S_0x55b849762710 {0 0 0};
    %end;
    .thread T_12;
# The file index is used to find the file name in the following table.
:file_names 10;
    "N/A";
    "<interactive>";
    "cpu_top_tb.v";
    "cpu_top.v";
    "alu_control.v";
    "control_unit.v";
    "parameterized_RAM.v";
    "rom.v";
    "ALU.v";
    "regfile.v";
